[app.gohighlevel.com/v2/preview/Ahp111pvvOAkdHZDPWysb1ea.html]
[backblue.gif]
[fade.gif]
[index.html]
[www.cnstatue.com/wp-content/uploads/2022/03/Wrought-Iron-Garden-Fence-.jpg]
[images.leadconnectorhq.com/image/f_webp/q_80/r_480/u_https_/assets.cdn.filesafe.space/zJlTHV7Lf7X5V0QdrmMk/media/tmp1ly5i1ae.webp]
[images.leadconnectorhq.com/image/f_webp/q_80/r_768/u_https_/assets.cdn.filesafe.space/zJlTHV7Lf7X5V0QdrmMk/media/tmpo3myb56w.webp]
[images.leadconnectorhq.com/image/f_webp/q_80/r_1200/u_https_/assets.cdn.filesafe.space/zJlTHV7Lf7X5V0QdrmMk/media/tmpj5g8l3r6.webp]
[images.leadconnectorhq.com/image/f_webp/q_80/r_480/u_https_/assets.cdn.filesafe.space/zJlTHV7Lf7X5V0QdrmMk/media/tmpu77ifnkh.webp]
[images.leadconnectorhq.com/image/f_webp/q_80/r_768/u_https_/assets.cdn.filesafe.space/zJlTHV7Lf7X5V0QdrmMk/media/tmp2h94n2i7.webp]
[images.leadconnectorhq.com/image/f_webp/q_80/r_1200/u_https_/assets.cdn.filesafe.space/zJlTHV7Lf7X5V0QdrmMk/media/tmp6z10e2op.webp]
[stcdn.leadconnectorhq.com/intl-tel-input/17.0.12/img/flags.png]
[stcdn.leadconnectorhq.com/_preview/Testimonial.CCVN5Buh.css]
[stcdn.leadconnectorhq.com/_preview/BJulYKC0.js]
[stcdn.leadconnectorhq.com/_preview/CM57sBU4.js]
[stcdn.leadconnectorhq.com/_preview/Dc7Unr3b.js]
[stcdn.leadconnectorhq.com/_preview/DWBJYzpw.js]
[stcdn.leadconnectorhq.com/_preview/HTGX6kZW.js]
[stcdn.leadconnectorhq.com/_preview/CFkpPN2T.js]
[stcdn.leadconnectorhq.com/_preview/BlkUynWJ.js]
[stcdn.leadconnectorhq.com/_preview/LMdvGtSd.js]
[stcdn.leadconnectorhq.com/_preview/DTMQaITi.js]
[stcdn.leadconnectorhq.com/_preview/DLCKK_lP.js]
[stcdn.leadconnectorhq.com/_preview/D0Zd6DRx.js]
[stcdn.leadconnectorhq.com/_preview/DCJFimIK.js]
[stcdn.leadconnectorhq.com/_preview/DcXEb9Sl.js]
[stcdn.leadconnectorhq.com/_preview/Dzdl_FEh.js]
[stcdn.leadconnectorhq.com/_preview/CYRfsorP.js]
[stcdn.leadconnectorhq.com/_preview/BDaSgtuY.js]
[stcdn.leadconnectorhq.com/_preview/DM3q50Qf.js]
[stcdn.leadconnectorhq.com/_preview/CLMHpQE0.js]
[stcdn.leadconnectorhq.com/_preview/DW-3PSLe.js]
[stcdn.leadconnectorhq.com/_preview/DMlfb9fM.js]
[stcdn.leadconnectorhq.com/_preview/C69pFEab.js]
[stcdn.leadconnectorhq.com/_preview/DGA-U2O8.js]
[stcdn.leadconnectorhq.com/_preview/CfSaJso_.js]
[stcdn.leadconnectorhq.com/_preview/BPjLdeeS.js]
[stcdn.leadconnectorhq.com/_preview/DQsHS9en.js]
[stcdn.leadconnectorhq.com/_preview/DSVo6R7L.js]
[stcdn.leadconnectorhq.com/_preview/DKeuBCMA.js]
[stcdn.leadconnectorhq.com/_preview/DfUnjI44.js]
[stcdn.leadconnectorhq.com/_preview/Dxzbedgu.js]
[stcdn.leadconnectorhq.com/_preview/BICMY8R7.js]
[stcdn.leadconnectorhq.com/_preview/Dipz0mOK.js]
[stcdn.leadconnectorhq.com/_preview/C3e4t58V.js]
[stcdn.leadconnectorhq.com/_preview/DMf_iQbA.js]
[stcdn.leadconnectorhq.com/_preview/2qUv-9sF.js]
[stcdn.leadconnectorhq.com/_preview/Ay-duVFl.js]
[stcdn.leadconnectorhq.com/_preview/B5V0REzk.js]
[stcdn.leadconnectorhq.com/_preview/DYa7OZHt.js]
[stcdn.leadconnectorhq.com/_preview/Bo5G88AL.js]
[stcdn.leadconnectorhq.com/_preview/DLtpNheL.js]
[stcdn.leadconnectorhq.com/_preview/wwLfBoTf.js]
[stcdn.leadconnectorhq.com/_preview/scbb9fcB.js]
[stcdn.leadconnectorhq.com/_preview/DkMWwu0K.js]
[images.seeklogo.com/logo-png/17/2/detroit-tigers-logo-png_seeklogo-171656.34.delayed]
[app.gohighlevel.com/v2/preview/Ahp111pvvOAkdHZDPWys.html]
[app.gohighlevel.com/v2/preview/RXnChOwSenrluy3a1RU9.html]
[app.gohighlevel.com/v2/preview/W7AzXhaDcZpdPvb1mwqq.html]
[app.gohighlevel.com/v2/preview/BVheO9enNF9b2bfCmomg.html]
[app.gohighlevel.com/v2/preview/teJwpSCGqMwixT7mXjt4.html]
[app.gohighlevel.com/v2/preview/Ts3vCcpf6aMilRHeShQE.html]
[app.gohighlevel.com/v2/preview/52fvXXXSSh5AXgBwEMyv.html]
[images.ctfassets.net/5kq8dse7hipf/52DuQ8dMqsdITW2YtklEMF/80c8a298bdfa5b9228a390d8dd290561/Wrought-iron-fence-costfd91.jpg]
[ey2msiqxj7z.exactdn.com/wp-content/uploads/2019/12/13155946/metal_fences_promo-2-scaled-e1690829622375a2a9.jpg]
[images.leadconnectorhq.com/image/f_webp/q_80/r_900/u_https_/assets.cdn.filesafe.space/TKDDgeRgzNuo2Z1rhb4O/media/tmp7dob87zu.webp]
[images.leadconnectorhq.com/image/f_webp/q_80/r_768/u_https_/assets.cdn.filesafe.space/TKDDgeRgzNuo2Z1rhb4O/media/tmpfbfsrivh.webp]
[images.leadconnectorhq.com/image/f_webp/q_80/r_640/u_https_/assets.cdn.filesafe.space/TKDDgeRgzNuo2Z1rhb4O/media/tmpa41d7mqd.webp]
[images.leadconnectorhq.com/image/f_webp/q_80/r_480/u_https_/assets.cdn.filesafe.space/TKDDgeRgzNuo2Z1rhb4O/media/tmpvacskm4u.webp]
[images.leadconnectorhq.com/image/f_webp/q_80/r_320/u_https_/assets.cdn.filesafe.space/TKDDgeRgzNuo2Z1rhb4O/media/tmp6loofvy_.webp]
[images.leadconnectorhq.com/image/f_webp/q_80/r_1200/u_https_/assets.cdn.filesafe.space/TKDDgeRgzNuo2Z1rhb4O/media/tmpx3z16nkp.webp]
[images.leadconnectorhq.com/image/f_webp/q_80/r_900/u_https_/assets.cdn.filesafe.space/TKDDgeRgzNuo2Z1rhb4O/media/tmpyb070azd.webp]
[images.leadconnectorhq.com/image/f_webp/q_80/r_768/u_https_/assets.cdn.filesafe.space/TKDDgeRgzNuo2Z1rhb4O/media/tmpf4yqmykq.webp]
[images.leadconnectorhq.com/image/f_webp/q_80/r_640/u_https_/assets.cdn.filesafe.space/TKDDgeRgzNuo2Z1rhb4O/media/tmpeuf43f3u.webp]
[images.leadconnectorhq.com/image/f_webp/q_80/r_480/u_https_/assets.cdn.filesafe.space/TKDDgeRgzNuo2Z1rhb4O/media/tmphlz8qjft.webp]
[images.leadconnectorhq.com/image/f_webp/q_80/r_320/u_https_/assets.cdn.filesafe.space/TKDDgeRgzNuo2Z1rhb4O/media/tmp9cdu0ll8.webp]
[images.leadconnectorhq.com/image/f_webp/q_80/r_1200/u_https_/assets.cdn.filesafe.space/TKDDgeRgzNuo2Z1rhb4O/media/tmprfs0iyy8.webp]
[images.leadconnectorhq.com/image/f_webp/q_80/r_900/u_https_/assets.cdn.filesafe.space/TKDDgeRgzNuo2Z1rhb4O/media/tmp09qg8c3f.webp]
[images.leadconnectorhq.com/image/f_webp/q_80/r_768/u_https_/assets.cdn.filesafe.space/TKDDgeRgzNuo2Z1rhb4O/media/tmp9e65lukt.webp]
[images.leadconnectorhq.com/image/f_webp/q_80/r_640/u_https_/assets.cdn.filesafe.space/TKDDgeRgzNuo2Z1rhb4O/media/tmpckmcnh2k.webp]
[images.leadconnectorhq.com/image/f_webp/q_80/r_480/u_https_/assets.cdn.filesafe.space/TKDDgeRgzNuo2Z1rhb4O/media/tmpmflvsowe.webp]
[images.leadconnectorhq.com/image/f_webp/q_80/r_320/u_https_/assets.cdn.filesafe.space/TKDDgeRgzNuo2Z1rhb4O/media/tmp8fyznive.webp]
[images.leadconnectorhq.com/image/f_webp/q_80/r_1200/u_https_/assets.cdn.filesafe.space/TKDDgeRgzNuo2Z1rhb4O/media/tmp2xp9x7j4.webp]
[images.leadconnectorhq.com/image/f_webp/q_80/r_900/u_https_/assets.cdn.filesafe.space/TKDDgeRgzNuo2Z1rhb4O/media/tmpfitgy1ce.webp]
[images.leadconnectorhq.com/image/f_webp/q_80/r_768/u_https_/assets.cdn.filesafe.space/TKDDgeRgzNuo2Z1rhb4O/media/tmpnpk3j0a_.webp]
[images.leadconnectorhq.com/image/f_webp/q_80/r_640/u_https_/assets.cdn.filesafe.space/TKDDgeRgzNuo2Z1rhb4O/media/tmp1igv1vfr.webp]
[images.leadconnectorhq.com/image/f_webp/q_80/r_480/u_https_/assets.cdn.filesafe.space/TKDDgeRgzNuo2Z1rhb4O/media/tmp8_n9qc0k.webp]
[images.leadconnectorhq.com/image/f_webp/q_80/r_320/u_https_/assets.cdn.filesafe.space/TKDDgeRgzNuo2Z1rhb4O/media/tmpzdswv29h.webp]
[images.leadconnectorhq.com/image/f_webp/q_80/r_1200/u_https_/assets.cdn.filesafe.space/TKDDgeRgzNuo2Z1rhb4O/media/tmpszspek_m.webp]
[images.leadconnectorhq.com/image/f_webp/q_80/r_900/u_https_/assets.cdn.filesafe.space/TKDDgeRgzNuo2Z1rhb4O/media/tmpvo2w1_8v.webp]
[images.leadconnectorhq.com/image/f_webp/q_80/r_768/u_https_/assets.cdn.filesafe.space/TKDDgeRgzNuo2Z1rhb4O/media/tmplgm1_axm.webp]
[images.leadconnectorhq.com/image/f_webp/q_80/r_640/u_https_/assets.cdn.filesafe.space/TKDDgeRgzNuo2Z1rhb4O/media/tmpkm3xo4nc.webp]
[images.leadconnectorhq.com/image/f_webp/q_80/r_480/u_https_/assets.cdn.filesafe.space/TKDDgeRgzNuo2Z1rhb4O/media/tmppjbapbrw.webp]
[images.leadconnectorhq.com/image/f_webp/q_80/r_320/u_https_/assets.cdn.filesafe.space/TKDDgeRgzNuo2Z1rhb4O/media/tmpvfmyyae9.webp]
[images.leadconnectorhq.com/image/f_webp/q_80/r_1200/u_https_/assets.cdn.filesafe.space/TKDDgeRgzNuo2Z1rhb4O/media/tmpiibb5t04.webp]
[images.leadconnectorhq.com/image/f_webp/q_80/r_900/u_https_/assets.cdn.filesafe.space/TKDDgeRgzNuo2Z1rhb4O/media/tmpy7y6b3gg.webp]
[images.leadconnectorhq.com/image/f_webp/q_80/r_768/u_https_/assets.cdn.filesafe.space/TKDDgeRgzNuo2Z1rhb4O/media/tmpzgrz8wzp.webp]
[images.leadconnectorhq.com/image/f_webp/q_80/r_640/u_https_/assets.cdn.filesafe.space/TKDDgeRgzNuo2Z1rhb4O/media/tmp7biyf7_e.webp]
[images.leadconnectorhq.com/image/f_webp/q_80/r_480/u_https_/assets.cdn.filesafe.space/TKDDgeRgzNuo2Z1rhb4O/media/tmpx0vqy1q_.webp]
[images.leadconnectorhq.com/image/f_webp/q_80/r_320/u_https_/assets.cdn.filesafe.space/TKDDgeRgzNuo2Z1rhb4O/media/tmphx8451of.webp]
[images.leadconnectorhq.com/image/f_webp/q_80/r_1200/u_https_/assets.cdn.filesafe.space/TKDDgeRgzNuo2Z1rhb4O/media/tmp2nq2_84t.webp]
[app.gohighlevel.com/cdn-cgi/scripts/5c5dd728/cloudflare-static/email-decode.min.js]
[storage.googleapis.com/preview-production-assets/funnel/img/img_100x100.png]
[storage.googleapis.com/msgsndr/zJlTHV7Lf7X5V0QdrmMk/media/67166a58e8a79d0d4d311f9a.png]
[stcdn.leadconnectorhq.com/funnel/avatar/avatar 8.jpg]
[stcdn.leadconnectorhq.com/funnel/testimonials/logos/logoipsum-332.png]
[stcdn.leadconnectorhq.com/funnel/avatar/avatar 9.jpg]
[stcdn.leadconnectorhq.com/funnel/testimonials/logos/logoipsum-344.png]
[storage.googleapis.com/msgsndr/TKDDgeRgzNuo2Z1rhb4O/media/689ca4da3b01e68035307017.png]
[storage.googleapis.com/msgsndr/TKDDgeRgzNuo2Z1rhb4O/media/689ca58c4687e1b98ba1b0e0.png]
[storage.googleapis.com/msgsndr/TKDDgeRgzNuo2Z1rhb4O/media/689ca56278e60c4f46bdc299.jpg]
[storage.googleapis.com/msgsndr/TKDDgeRgzNuo2Z1rhb4O/media/689ca52c7cb23624174f1815.jpg]
[storage.googleapis.com/msgsndr/TKDDgeRgzNuo2Z1rhb4O/media/689ca4e2d232a35e56ff11be.jpg]
[storage.googleapis.com/msgsndr/TKDDgeRgzNuo2Z1rhb4O/media/689ca4575bea488d3e2018c2.jpg]
[storage.googleapis.com/msgsndr/zJlTHV7Lf7X5V0QdrmMk/media/671a7065e30b6b6d5de904df.png]
[app.gohighlevel.com/v2/preview/Ahp111pvvOAkdHZDPWysb1ea.html]
[stcdn.leadconnectorhq.com/_preview/Testimonial.CCVN5Buh.css]
[images.seeklogo.com/logo-png/17/2/detroit-tigers-logo-png_seeklogo-171656.html]
[app.gohighlevel.com/v2/preview/Ahp111pvvOAkdHZDPWys.html]
[stcdn.leadconnectorhq.com/_preview/Dm1f5Ig4.js]
[stcdn.leadconnectorhq.com/_preview/CSEK0_C1.js]
[stcdn.leadconnectorhq.com/_preview/BFSpBrB8.js]
[images.leadconnectorhq.com/image/f_webp/q_80/r_900/u_https_/storage.googleapis.com/msgsndr/TKDDgeRgzNuo2Z1rhb4O/media/tmpwvmpgbuz.webp]
[images.leadconnectorhq.com/image/f_webp/q_80/r_768/u_https_/storage.googleapis.com/msgsndr/TKDDgeRgzNuo2Z1rhb4O/media/tmpj0ui9nfi.webp]
[images.leadconnectorhq.com/image/f_webp/q_80/r_640/u_https_/storage.googleapis.com/msgsndr/TKDDgeRgzNuo2Z1rhb4O/media/tmpe2xr6xps.webp]
[images.leadconnectorhq.com/image/f_webp/q_80/r_480/u_https_/storage.googleapis.com/msgsndr/TKDDgeRgzNuo2Z1rhb4O/media/tmpm9_xz2fi.webp]
[images.leadconnectorhq.com/image/f_webp/q_80/r_320/u_https_/storage.googleapis.com/msgsndr/TKDDgeRgzNuo2Z1rhb4O/media/tmp_1hlxdi5.webp]
[images.leadconnectorhq.com/image/f_webp/q_80/r_1200/u_https_/storage.googleapis.com/msgsndr/TKDDgeRgzNuo2Z1rhb4O/media/tmpdgemc_bd.webp]
[images.leadconnectorhq.com/image/f_webp/q_80/r_900/u_https_/storage.googleapis.com/msgsndr/TKDDgeRgzNuo2Z1rhb4O/media/tmpcvao3zip.webp]
[images.leadconnectorhq.com/image/f_webp/q_80/r_768/u_https_/storage.googleapis.com/msgsndr/TKDDgeRgzNuo2Z1rhb4O/media/tmpi2o6wk7n.webp]
[images.leadconnectorhq.com/image/f_webp/q_80/r_640/u_https_/storage.googleapis.com/msgsndr/TKDDgeRgzNuo2Z1rhb4O/media/tmpbzj1wyzt.webp]
[images.leadconnectorhq.com/image/f_webp/q_80/r_480/u_https_/storage.googleapis.com/msgsndr/TKDDgeRgzNuo2Z1rhb4O/media/tmpsg09ts1j.webp]
[images.leadconnectorhq.com/image/f_webp/q_80/r_320/u_https_/storage.googleapis.com/msgsndr/TKDDgeRgzNuo2Z1rhb4O/media/tmp5gst98uw.webp]
[images.leadconnectorhq.com/image/f_webp/q_80/r_1200/u_https_/storage.googleapis.com/msgsndr/TKDDgeRgzNuo2Z1rhb4O/media/tmp30ohea8g.webp]
[images.leadconnectorhq.com/image/f_webp/q_80/r_900/u_https_/storage.googleapis.com/msgsndr/TKDDgeRgzNuo2Z1rhb4O/media/tmpd6vtu14_.webp]
[images.leadconnectorhq.com/image/f_webp/q_80/r_768/u_https_/storage.googleapis.com/msgsndr/TKDDgeRgzNuo2Z1rhb4O/media/tmpsi4hkyc4.webp]
[images.leadconnectorhq.com/image/f_webp/q_80/r_640/u_https_/storage.googleapis.com/msgsndr/TKDDgeRgzNuo2Z1rhb4O/media/tmpgr5e1frv.webp]
[images.leadconnectorhq.com/image/f_webp/q_80/r_480/u_https_/storage.googleapis.com/msgsndr/TKDDgeRgzNuo2Z1rhb4O/media/tmpf7_y229t.webp]
[images.leadconnectorhq.com/image/f_webp/q_80/r_320/u_https_/storage.googleapis.com/msgsndr/TKDDgeRgzNuo2Z1rhb4O/media/tmptv8vxcmo.webp]
[images.leadconnectorhq.com/image/f_webp/q_80/r_1200/u_https_/storage.googleapis.com/msgsndr/TKDDgeRgzNuo2Z1rhb4O/media/tmp22z8s1jh.webp]
[images.leadconnectorhq.com/image/f_webp/q_80/r_900/u_https_/storage.googleapis.com/msgsndr/TKDDgeRgzNuo2Z1rhb4O/media/tmpn11zkog4.webp]
[images.leadconnectorhq.com/image/f_webp/q_80/r_768/u_https_/storage.googleapis.com/msgsndr/TKDDgeRgzNuo2Z1rhb4O/media/tmpsyz_jl0v.webp]
[images.leadconnectorhq.com/image/f_webp/q_80/r_640/u_https_/storage.googleapis.com/msgsndr/TKDDgeRgzNuo2Z1rhb4O/media/tmp5kfcu9xh.webp]
[images.leadconnectorhq.com/image/f_webp/q_80/r_480/u_https_/storage.googleapis.com/msgsndr/TKDDgeRgzNuo2Z1rhb4O/media/tmpix5fh1ue.webp]
[images.leadconnectorhq.com/image/f_webp/q_80/r_320/u_https_/storage.googleapis.com/msgsndr/TKDDgeRgzNuo2Z1rhb4O/media/tmp5h08th9n.webp]
[images.leadconnectorhq.com/image/f_webp/q_80/r_1200/u_https_/storage.googleapis.com/msgsndr/TKDDgeRgzNuo2Z1rhb4O/media/tmpqpc2kpfw.webp]
[images.leadconnectorhq.com/image/f_webp/q_80/r_900/u_https_/storage.googleapis.com/msgsndr/TKDDgeRgzNuo2Z1rhb4O/media/tmp3ou3fc98.webp]
[images.leadconnectorhq.com/image/f_webp/q_80/r_768/u_https_/storage.googleapis.com/msgsndr/TKDDgeRgzNuo2Z1rhb4O/media/tmpryq1n6ub.webp]
[images.leadconnectorhq.com/image/f_webp/q_80/r_640/u_https_/storage.googleapis.com/msgsndr/TKDDgeRgzNuo2Z1rhb4O/media/tmp0ezv2l63.webp]
[images.leadconnectorhq.com/image/f_webp/q_80/r_480/u_https_/storage.googleapis.com/msgsndr/TKDDgeRgzNuo2Z1rhb4O/media/tmplx17r0f8.webp]
[images.leadconnectorhq.com/image/f_webp/q_80/r_320/u_https_/storage.googleapis.com/msgsndr/TKDDgeRgzNuo2Z1rhb4O/media/tmpchlf2r0u.webp]
[images.leadconnectorhq.com/image/f_webp/q_80/r_1200/u_https_/storage.googleapis.com/msgsndr/TKDDgeRgzNuo2Z1rhb4O/media/tmpsdecjan2.webp]
[images.leadconnectorhq.com/image/f_webp/q_80/r_900/u_https_/storage.googleapis.com/msgsndr/TKDDgeRgzNuo2Z1rhb4O/media/tmp1ecnwmv_.webp]
[images.leadconnectorhq.com/image/f_webp/q_80/r_768/u_https_/storage.googleapis.com/msgsndr/TKDDgeRgzNuo2Z1rhb4O/media/tmp5ns21eqq.webp]
[images.leadconnectorhq.com/image/f_webp/q_80/r_640/u_https_/storage.googleapis.com/msgsndr/TKDDgeRgzNuo2Z1rhb4O/media/tmp5bbfzv3t.webp]
[images.leadconnectorhq.com/image/f_webp/q_80/r_480/u_https_/storage.googleapis.com/msgsndr/TKDDgeRgzNuo2Z1rhb4O/media/tmpnomllwnn.webp]
[images.leadconnectorhq.com/image/f_webp/q_80/r_320/u_https_/storage.googleapis.com/msgsndr/TKDDgeRgzNuo2Z1rhb4O/media/tmp9g0tfox9.webp]
[images.leadconnectorhq.com/image/f_webp/q_80/r_1200/u_https_/storage.googleapis.com/msgsndr/TKDDgeRgzNuo2Z1rhb4O/media/tmp0e5tviu9.webp]
[images.leadconnectorhq.com/image/f_webp/q_80/r_900/u_https_/storage.googleapis.com/msgsndr/TKDDgeRgzNuo2Z1rhb4O/media/tmpdoe6ga8l.webp]
[images.leadconnectorhq.com/image/f_webp/q_80/r_768/u_https_/storage.googleapis.com/msgsndr/TKDDgeRgzNuo2Z1rhb4O/media/tmpvo5uovtb.webp]
[images.leadconnectorhq.com/image/f_webp/q_80/r_640/u_https_/storage.googleapis.com/msgsndr/TKDDgeRgzNuo2Z1rhb4O/media/tmp3r_v32lg.webp]
[images.leadconnectorhq.com/image/f_webp/q_80/r_480/u_https_/storage.googleapis.com/msgsndr/TKDDgeRgzNuo2Z1rhb4O/media/tmplq0w49cs.webp]
[images.leadconnectorhq.com/image/f_webp/q_80/r_320/u_https_/storage.googleapis.com/msgsndr/TKDDgeRgzNuo2Z1rhb4O/media/tmp9cjkhxhz.webp]
[images.leadconnectorhq.com/image/f_webp/q_80/r_1200/u_https_/storage.googleapis.com/msgsndr/TKDDgeRgzNuo2Z1rhb4O/media/tmp6dq2yhb1.webp]
[images.leadconnectorhq.com/image/f_webp/q_80/r_900/u_https_/storage.googleapis.com/msgsndr/TKDDgeRgzNuo2Z1rhb4O/media/tmp0sz1j6ji.webp]
[images.leadconnectorhq.com/image/f_webp/q_80/r_768/u_https_/storage.googleapis.com/msgsndr/TKDDgeRgzNuo2Z1rhb4O/media/tmp88_4dpj4.webp]
[images.leadconnectorhq.com/image/f_webp/q_80/r_640/u_https_/storage.googleapis.com/msgsndr/TKDDgeRgzNuo2Z1rhb4O/media/tmp6d3rhp0u.webp]
[images.leadconnectorhq.com/image/f_webp/q_80/r_480/u_https_/storage.googleapis.com/msgsndr/TKDDgeRgzNuo2Z1rhb4O/media/tmp8p39zeeo.webp]
[images.leadconnectorhq.com/image/f_webp/q_80/r_320/u_https_/storage.googleapis.com/msgsndr/TKDDgeRgzNuo2Z1rhb4O/media/tmpxm_hcw2_.webp]
[images.leadconnectorhq.com/image/f_webp/q_80/r_1200/u_https_/storage.googleapis.com/msgsndr/TKDDgeRgzNuo2Z1rhb4O/media/tmpqxjsntxh.webp]
[storage.googleapis.com/msgsndr/TKDDgeRgzNuo2Z1rhb4O/media/689ca555128428921aa8bd83.jpg]
[storage.googleapis.com/msgsndr/TKDDgeRgzNuo2Z1rhb4O/media/689ca5247cb23646f64f1757.jpg]
[storage.googleapis.com/msgsndr/TKDDgeRgzNuo2Z1rhb4O/media/689ca44178e60c9188bd7c5f.png]
[app.gohighlevel.com/v2/preview/RXnChOwSenrluy3a1RU9.html]
[app.gohighlevel.com/v2/preview/W7AzXhaDcZpdPvb1mwqq.html]
[images.squarespace-cdn.com/content/v1/686e9340909d3544af3cdc1e/1533f32a-407d-4ec7-9180-53da4e57c814/IMG_201807a3.jpg]
[images.squarespace-cdn.com/content/v1/686e9340909d3544af3cdc1e/017bfb6f-73ca-4090-b2e8-93da3c77e5e0/IMG_203907a3.jpg]
[images.squarespace-cdn.com/content/v1/686e9340909d3544af3cdc1e/59f37ce3-af05-408d-ace9-36155f9cde9b/IMG_199107a3.jpg]
[images.squarespace-cdn.com/content/v1/686e9340909d3544af3cdc1e/ec2e9cea-5e64-4510-8a2d-eed0e44c5160/IMG_195807a3.jpg]
[images.squarespace-cdn.com/content/v1/686e9340909d3544af3cdc1e/799482b7-dc6f-481f-b2e3-552b50cff199/IMG_195307a3.jpg]
[images.squarespace-cdn.com/content/v1/686e9340909d3544af3cdc1e/fa885855-edc0-48eb-acb3-cce6c636884a/IMG_194807a3.jpg]
[app.gohighlevel.com/v2/preview/BVheO9enNF9b2bfCmomg.html]
[images.squarespace-cdn.com/content/v1/686e9340909d3544af3cdc1e/b61e3454-0b32-462f-a8ff-d89d9c6cf730/IMG_653707a3.jpg]
[images.squarespace-cdn.com/content/v1/686e9340909d3544af3cdc1e/849af0c6-7f50-4fce-b3ce-b1b502741d15/IMG_906207a3.jpg]
[images.squarespace-cdn.com/content/v1/686e9340909d3544af3cdc1e/c67cde17-1ae7-4a54-8a46-6313d19fa406/IMG_904007a3.jpg]
[images.squarespace-cdn.com/content/v1/686e9340909d3544af3cdc1e/4d85915a-f613-49f1-b872-829d57884596/IMG_869107a3.jpg]
[app.gohighlevel.com/v2/preview/teJwpSCGqMwixT7mXjt4.html]
[images.squarespace-cdn.com/content/v1/686e9340909d3544af3cdc1e/b502cf96-f6f9-4511-bba6-bb549e1ef980/IMG_195507a3.jpg]
[images.squarespace-cdn.com/content/v1/686e9340909d3544af3cdc1e/f066d18b-5e45-4eb1-a47c-39f86172c9c8/IMG_199607a3.jpg]
[images.squarespace-cdn.com/content/v1/686e9340909d3544af3cdc1e/755e87d8-e35a-4953-81b8-6b21e68dfceb/IMG_844907a3.png]
[images.squarespace-cdn.com/content/v1/686e9340909d3544af3cdc1e/ccf1ae5e-e4ca-4f08-b61c-afc9f92a34e0/IMG_841607a3.png]
[images.squarespace-cdn.com/content/v1/686e9340909d3544af3cdc1e/56ff8982-1159-4d78-a84a-57a412e0a3f0/IMG_838307a3.png]
[images.squarespace-cdn.com/content/v1/686e9340909d3544af3cdc1e/57605aef-12b5-4d9b-bcd9-b5a0e8589103/IMG_680707a3.png]
[images.squarespace-cdn.com/content/v1/686e9340909d3544af3cdc1e/e2715a91-5657-4e3d-a0b2-dd98ea27092b/IMG_686707a3.jpg]
[images.squarespace-cdn.com/content/v1/686e9340909d3544af3cdc1e/6869d678-f47d-48dc-863e-7b1fb4066d7f/IMG_713107a3.jpg]
[app.gohighlevel.com/v2/preview/Ts3vCcpf6aMilRHeShQE.html]
[images.squarespace-cdn.com/content/v1/686e9340909d3544af3cdc1e/df32b7f7-8183-4908-986f-cfd1acc7cfce/more107a3.jpg]
[images.squarespace-cdn.com/content/v1/686e9340909d3544af3cdc1e/e5e5d3ab-6bc6-4cb5-b3ae-1a5d118c0112/more207a3.jpg]
[images.squarespace-cdn.com/content/v1/686e9340909d3544af3cdc1e/0e77ba33-d91c-415b-b0c5-8e166754ce21/more307a3.jpg]
[images.squarespace-cdn.com/content/v1/686e9340909d3544af3cdc1e/33a511d9-2d34-419f-807d-ad88f5f17976/more407a3.jpg]
[images.squarespace-cdn.com/content/v1/686e9340909d3544af3cdc1e/453233ce-5149-4bc8-ae90-b81ccc74e736/IMG_191107a3.jpg]
[app.gohighlevel.com/v2/preview/52fvXXXSSh5AXgBwEMyv.html]
